Error type B at Line 4: Missing semicolon ';'
Error type B at Line 4: Unexpected comma ','
Error type B at Line 17: Missing right curly braces '}'
