Error type B at Line 0: Missing right parenthesis ')'
Error type A at Line 8: hexadecimal int with illegal char
Error type B at Line 8: Missing comma ','
Error type B at Line 11: Missing right parenthesis ')'
Error type B at Line 19: Missing right parenthesis ')'
